1/ 2019-3-11 我创建了这个文件